Creating symbolTableObject : Scope => GLOBAL
INSERTING SHIT BECHES
STRING dummy
