Creating symbolTableObject : Scope => GLOBAL
INSERTING SHIT BECHES
INT i
