Creating symbolTableObject : Scope => GLOBAL
Symbol table GLOBAL
